2026-04-30 14:04:21,689 - DEBUG - Отладка
2026-04-30 14:04:21,691 - INFO - Информация
2026-04-30 14:04:21,692 - WARNING - Предупреждение
2026-04-30 14:04:21,696 - ERROR - Ошибка
2026-04-30 14:29:09,227 - DEBUG - Отладка
2026-04-30 14:29:09,229 - INFO - Информация
2026-04-30 14:29:09,229 - WARNING - Предупреждение
2026-04-30 14:29:09,230 - ERROR - Ошибка
2026-04-30 14:29:39,512 - DEBUG - Отладка
2026-04-30 14:29:39,513 - INFO - Информация
2026-04-30 14:29:39,514 - WARNING - Предупреждение
2026-04-30 14:29:39,514 - ERROR - Ошибка
2026-04-30 14:29:39,942 - INFO - Starting up...
2026-04-30 14:29:39,965 - INFO - Database initialized
2026-04-30 14:43:53,692 - DEBUG - Отладка
2026-04-30 14:43:53,692 - INFO - Информация
2026-04-30 14:43:53,693 - WARNING - Предупреждение
2026-04-30 14:43:53,694 - ERROR - Ошибка
2026-04-30 14:43:54,624 - INFO - Starting up...
2026-04-30 14:43:54,630 - INFO - создание БД
2026-04-30 14:43:54,637 - INFO - Database initialized
2026-04-30 15:07:08,770 - DEBUG - Отладка
2026-04-30 15:07:08,771 - INFO - Информация
2026-04-30 15:07:08,771 - WARNING - Предупреждение
2026-04-30 15:07:08,771 - ERROR - Ошибка
2026-04-30 15:07:09,321 - INFO - Starting up...
2026-04-30 15:07:09,331 - INFO - создание БД
2026-04-30 15:07:09,333 - INFO - Database initialized
2026-04-30 15:08:09,316 - INFO - Shutting down...
2026-04-30 15:08:10,469 - DEBUG - Отладка
2026-04-30 15:08:10,469 - INFO - Информация
2026-04-30 15:08:10,470 - WARNING - Предупреждение
2026-04-30 15:08:10,471 - ERROR - Ошибка
2026-04-30 15:08:35,039 - DEBUG - Отладка
2026-04-30 15:08:35,039 - INFO - Информация
2026-04-30 15:08:35,040 - WARNING - Предупреждение
2026-04-30 15:08:35,040 - ERROR - Ошибка
2026-04-30 15:08:41,215 - DEBUG - Отладка
2026-04-30 15:08:41,216 - INFO - Информация
2026-04-30 15:08:41,217 - WARNING - Предупреждение
2026-04-30 15:08:41,218 - ERROR - Ошибка
2026-04-30 15:08:47,331 - DEBUG - Отладка
2026-04-30 15:08:47,331 - INFO - Информация
2026-04-30 15:08:47,333 - WARNING - Предупреждение
2026-04-30 15:08:47,336 - ERROR - Ошибка
2026-04-30 15:08:49,025 - DEBUG - Отладка
2026-04-30 15:08:49,025 - INFO - Информация
2026-04-30 15:08:49,026 - WARNING - Предупреждение
2026-04-30 15:08:49,026 - ERROR - Ошибка
2026-04-30 15:09:37,111 - DEBUG - Отладка
2026-04-30 15:09:37,112 - INFO - Информация
2026-04-30 15:09:37,114 - WARNING - Предупреждение
2026-04-30 15:09:37,117 - ERROR - Ошибка
2026-04-30 15:09:43,260 - DEBUG - Отладка
2026-04-30 15:09:43,261 - INFO - Информация
2026-04-30 15:09:43,261 - WARNING - Предупреждение
2026-04-30 15:09:43,262 - ERROR - Ошибка
2026-04-30 15:11:57,076 - DEBUG - Отладка
2026-04-30 15:11:57,077 - INFO - Информация
2026-04-30 15:11:57,078 - WARNING - Предупреждение
2026-04-30 15:11:57,078 - ERROR - Ошибка
2026-04-30 15:12:01,496 - DEBUG - Отладка
2026-04-30 15:12:01,496 - INFO - Информация
2026-04-30 15:12:01,499 - WARNING - Предупреждение
2026-04-30 15:12:01,500 - ERROR - Ошибка
2026-04-30 15:12:09,438 - DEBUG - Отладка
2026-04-30 15:12:09,439 - INFO - Информация
2026-04-30 15:12:09,440 - WARNING - Предупреждение
2026-04-30 15:12:09,441 - ERROR - Ошибка
2026-04-30 15:12:29,575 - DEBUG - Отладка
2026-04-30 15:12:29,576 - INFO - Информация
2026-04-30 15:12:29,576 - WARNING - Предупреждение
2026-04-30 15:12:29,577 - ERROR - Ошибка
2026-04-30 15:12:30,034 - INFO - Starting up...
2026-04-30 15:12:30,038 - INFO - создание БД
2026-04-30 15:12:30,612 - INFO - Database initialized
2026-04-30 15:15:26,900 - INFO - Shutting down...
2026-04-30 15:15:29,169 - DEBUG - Отладка
2026-04-30 15:15:29,169 - INFO - Информация
2026-04-30 15:15:29,170 - WARNING - Предупреждение
2026-04-30 15:15:29,171 - ERROR - Ошибка
2026-04-30 15:15:29,796 - INFO - Starting up...
2026-04-30 15:15:29,800 - INFO - создание БД
2026-04-30 15:15:29,806 - INFO - Database initialized
2026-04-30 15:16:33,502 - INFO - Shutting down...
2026-04-30 15:16:35,670 - DEBUG - Отладка
2026-04-30 15:16:35,671 - INFO - Информация
2026-04-30 15:16:35,671 - WARNING - Предупреждение
2026-04-30 15:16:35,672 - ERROR - Ошибка
2026-04-30 15:16:36,205 - INFO - Starting up...
2026-04-30 15:16:36,209 - INFO - создание БД
2026-04-30 15:16:36,216 - INFO - Database initialized
2026-04-30 15:32:57,733 - INFO - Shutting down...
2026-04-30 15:33:00,265 - DEBUG - Отладка
2026-04-30 15:33:00,265 - INFO - Информация
2026-04-30 15:33:00,266 - WARNING - Предупреждение
2026-04-30 15:33:00,270 - ERROR - Ошибка
2026-04-30 15:33:01,588 - INFO - Starting up...
2026-04-30 15:33:01,592 - INFO - создание БД
2026-04-30 15:33:01,597 - INFO - Database initialized
2026-04-30 15:39:35,789 - INFO - Shutting down...
2026-04-30 15:39:37,926 - DEBUG - Отладка
2026-04-30 15:39:37,927 - INFO - Информация
2026-04-30 15:39:37,927 - WARNING - Предупреждение
2026-04-30 15:39:37,927 - ERROR - Ошибка
2026-04-30 15:39:38,903 - INFO - Starting up...
2026-04-30 15:39:38,906 - INFO - создание БД
2026-04-30 15:39:38,911 - INFO - Database initialized
2026-04-30 15:39:39,018 - INFO - Shutting down...
2026-04-30 15:39:40,350 - DEBUG - Отладка
2026-04-30 15:39:40,351 - INFO - Информация
2026-04-30 15:39:40,352 - WARNING - Предупреждение
2026-04-30 15:39:40,353 - ERROR - Ошибка
2026-04-30 15:39:41,254 - INFO - Starting up...
2026-04-30 15:39:41,259 - INFO - создание БД
2026-04-30 15:39:41,289 - INFO - Database initialized
2026-04-30 15:39:43,172 - INFO - Shutting down...
2026-04-30 15:39:44,522 - DEBUG - Отладка
2026-04-30 15:39:44,523 - INFO - Информация
2026-04-30 15:39:44,524 - WARNING - Предупреждение
2026-04-30 15:39:44,524 - ERROR - Ошибка
2026-04-30 15:39:45,039 - INFO - Starting up...
2026-04-30 15:39:45,043 - INFO - создание БД
2026-04-30 15:39:45,051 - INFO - Database initialized
2026-04-30 15:39:53,705 - INFO - Shutting down...
2026-04-30 15:39:54,971 - DEBUG - Отладка
2026-04-30 15:39:54,971 - INFO - Информация
2026-04-30 15:39:54,972 - WARNING - Предупреждение
2026-04-30 15:39:54,973 - ERROR - Ошибка
2026-04-30 15:39:55,586 - INFO - Starting up...
2026-04-30 15:39:55,589 - INFO - создание БД
2026-04-30 15:39:55,593 - INFO - Database initialized
2026-04-30 15:39:58,225 - INFO - Shutting down...
2026-04-30 15:40:00,459 - DEBUG - Отладка
2026-04-30 15:40:00,472 - INFO - Информация
2026-04-30 15:40:00,475 - WARNING - Предупреждение
2026-04-30 15:40:00,542 - ERROR - Ошибка
2026-04-30 15:40:01,444 - INFO - Starting up...
2026-04-30 15:40:01,455 - INFO - создание БД
2026-04-30 15:40:01,459 - INFO - Database initialized
2026-04-30 15:40:01,567 - INFO - Shutting down...
2026-04-30 15:40:03,053 - DEBUG - Отладка
2026-04-30 15:40:03,054 - INFO - Информация
2026-04-30 15:40:03,055 - WARNING - Предупреждение
2026-04-30 15:40:03,055 - ERROR - Ошибка
2026-04-30 15:40:03,551 - INFO - Starting up...
2026-04-30 15:40:03,555 - INFO - создание БД
2026-04-30 15:40:03,561 - INFO - Database initialized
2026-04-30 15:40:11,999 - INFO - Shutting down...
2026-04-30 15:40:13,419 - DEBUG - Отладка
2026-04-30 15:40:13,419 - INFO - Информация
2026-04-30 15:40:13,420 - WARNING - Предупреждение
2026-04-30 15:40:13,420 - ERROR - Ошибка
2026-04-30 15:40:13,934 - INFO - Starting up...
2026-04-30 15:40:13,939 - INFO - создание БД
2026-04-30 15:40:13,943 - INFO - Database initialized
2026-04-30 15:40:23,988 - INFO - Shutting down...
2026-04-30 15:40:25,792 - DEBUG - Отладка
2026-04-30 15:40:25,793 - INFO - Информация
2026-04-30 15:40:25,793 - WARNING - Предупреждение
2026-04-30 15:40:25,794 - ERROR - Ошибка
2026-04-30 15:40:26,474 - INFO - Starting up...
2026-04-30 15:40:26,478 - INFO - создание БД
2026-04-30 15:40:26,487 - INFO - Database initialized
2026-04-30 15:40:26,618 - INFO - Shutting down...
2026-04-30 15:40:27,907 - DEBUG - Отладка
2026-04-30 15:40:27,907 - INFO - Информация
2026-04-30 15:40:27,908 - WARNING - Предупреждение
2026-04-30 15:40:27,908 - ERROR - Ошибка
2026-04-30 15:40:28,474 - INFO - Starting up...
2026-04-30 15:40:28,477 - INFO - создание БД
2026-04-30 15:40:28,485 - INFO - Database initialized
2026-04-30 15:40:31,337 - INFO - Shutting down...
2026-04-30 15:40:32,500 - DEBUG - Отладка
2026-04-30 15:40:32,500 - INFO - Информация
2026-04-30 15:40:32,501 - WARNING - Предупреждение
2026-04-30 15:40:32,502 - ERROR - Ошибка
2026-04-30 15:40:33,025 - INFO - Starting up...
2026-04-30 15:40:33,035 - INFO - создание БД
2026-04-30 15:40:33,040 - INFO - Database initialized
2026-04-30 15:40:35,015 - INFO - Shutting down...
2026-04-30 15:40:36,558 - DEBUG - Отладка
2026-04-30 15:40:36,558 - INFO - Информация
2026-04-30 15:40:36,559 - WARNING - Предупреждение
2026-04-30 15:40:36,559 - ERROR - Ошибка
2026-04-30 15:40:37,136 - INFO - Starting up...
2026-04-30 15:40:37,140 - INFO - создание БД
2026-04-30 15:40:37,144 - INFO - Database initialized
2026-04-30 15:40:37,254 - INFO - Shutting down...
2026-04-30 15:40:38,618 - DEBUG - Отладка
2026-04-30 15:40:38,619 - INFO - Информация
2026-04-30 15:40:38,620 - WARNING - Предупреждение
2026-04-30 15:40:38,620 - ERROR - Ошибка
2026-04-30 15:40:39,175 - INFO - Starting up...
2026-04-30 15:40:39,183 - INFO - создание БД
2026-04-30 15:40:39,188 - INFO - Database initialized
2026-04-30 15:40:44,904 - INFO - Shutting down...
2026-04-30 15:40:46,081 - DEBUG - Отладка
2026-04-30 15:40:46,082 - INFO - Информация
2026-04-30 15:40:46,083 - WARNING - Предупреждение
2026-04-30 15:40:46,084 - ERROR - Ошибка
2026-04-30 15:40:46,565 - INFO - Starting up...
2026-04-30 15:40:46,569 - INFO - создание БД
2026-04-30 15:40:46,574 - INFO - Database initialized
2026-04-30 15:42:10,982 - INFO - Shutting down...
2026-04-30 15:42:40,780 - DEBUG - Отладка
2026-04-30 15:42:40,781 - INFO - Информация
2026-04-30 15:42:40,782 - WARNING - Предупреждение
2026-04-30 15:42:40,782 - ERROR - Ошибка
2026-04-30 15:42:41,292 - INFO - Starting up...
2026-04-30 15:42:41,298 - INFO - создание БД
2026-04-30 15:42:41,306 - INFO - Database initialized
2026-04-30 15:43:33,400 - INFO - Shutting down...
2026-04-30 15:43:35,056 - DEBUG - Отладка
2026-04-30 15:43:35,057 - INFO - Информация
2026-04-30 15:43:35,057 - WARNING - Предупреждение
2026-04-30 15:43:35,058 - ERROR - Ошибка
2026-04-30 15:43:35,591 - INFO - Starting up...
2026-04-30 15:43:35,598 - INFO - создание БД
2026-04-30 15:43:35,602 - INFO - Database initialized
2026-04-30 15:43:47,649 - INFO - Shutting down...
2026-04-30 15:43:48,863 - DEBUG - Отладка
2026-04-30 15:43:48,863 - INFO - Информация
2026-04-30 15:43:48,864 - WARNING - Предупреждение
2026-04-30 15:43:48,865 - ERROR - Ошибка
2026-04-30 15:43:49,409 - INFO - Starting up...
2026-04-30 15:43:49,414 - INFO - создание БД
2026-04-30 15:43:49,421 - INFO - Database initialized
2026-04-30 15:43:51,081 - INFO - Shutting down...
2026-04-30 15:43:52,216 - DEBUG - Отладка
2026-04-30 15:43:52,217 - INFO - Информация
2026-04-30 15:43:52,218 - WARNING - Предупреждение
2026-04-30 15:43:52,218 - ERROR - Ошибка
2026-04-30 15:43:52,787 - INFO - Starting up...
2026-04-30 15:43:52,791 - INFO - создание БД
2026-04-30 15:43:52,799 - INFO - Database initialized
2026-04-30 15:43:54,788 - INFO - Shutting down...
2026-04-30 15:43:56,091 - DEBUG - Отладка
2026-04-30 15:43:56,092 - INFO - Информация
2026-04-30 15:43:56,099 - WARNING - Предупреждение
2026-04-30 15:43:56,100 - ERROR - Ошибка
2026-04-30 15:43:56,923 - INFO - Starting up...
2026-04-30 15:43:56,951 - INFO - создание БД
2026-04-30 15:43:56,963 - INFO - Database initialized
2026-04-30 15:43:57,519 - INFO - Shutting down...
2026-04-30 15:43:58,805 - DEBUG - Отладка
2026-04-30 15:43:58,806 - INFO - Информация
2026-04-30 15:43:58,806 - WARNING - Предупреждение
2026-04-30 15:43:58,807 - ERROR - Ошибка
2026-04-30 15:43:59,284 - INFO - Starting up...
2026-04-30 15:43:59,288 - INFO - создание БД
2026-04-30 15:43:59,298 - INFO - Database initialized
2026-04-30 15:44:09,819 - INFO - Shutting down...
2026-04-30 15:44:11,520 - DEBUG - Отладка
2026-04-30 15:44:11,521 - INFO - Информация
2026-04-30 15:44:11,521 - WARNING - Предупреждение
2026-04-30 15:44:11,522 - ERROR - Ошибка
2026-04-30 15:44:12,083 - INFO - Starting up...
2026-04-30 15:44:12,087 - INFO - создание БД
2026-04-30 15:44:12,099 - INFO - Database initialized
2026-04-30 15:44:12,215 - INFO - Shutting down...
2026-04-30 15:44:13,333 - DEBUG - Отладка
2026-04-30 15:44:13,334 - INFO - Информация
2026-04-30 15:44:13,335 - WARNING - Предупреждение
2026-04-30 15:44:13,335 - ERROR - Ошибка
2026-04-30 15:44:13,857 - INFO - Starting up...
2026-04-30 15:44:13,864 - INFO - создание БД
2026-04-30 15:44:13,871 - INFO - Database initialized
2026-04-30 15:44:19,596 - INFO - Shutting down...
2026-04-30 15:44:20,937 - DEBUG - Отладка
2026-04-30 15:44:20,938 - INFO - Информация
2026-04-30 15:44:20,938 - WARNING - Предупреждение
2026-04-30 15:44:20,939 - ERROR - Ошибка
2026-04-30 15:44:22,087 - INFO - Starting up...
2026-04-30 15:44:22,106 - INFO - создание БД
2026-04-30 15:44:22,115 - INFO - Database initialized
2026-04-30 15:44:22,229 - INFO - Shutting down...
2026-04-30 15:44:23,520 - DEBUG - Отладка
2026-04-30 15:44:23,520 - INFO - Информация
2026-04-30 15:44:23,522 - WARNING - Предупреждение
2026-04-30 15:44:23,522 - ERROR - Ошибка
2026-04-30 15:44:24,020 - INFO - Starting up...
2026-04-30 15:44:24,024 - INFO - создание БД
2026-04-30 15:44:24,033 - INFO - Database initialized
2026-04-30 15:46:26,347 - INFO - Shutting down...
2026-04-30 15:46:31,866 - DEBUG - Отладка
2026-04-30 15:46:31,867 - INFO - Информация
2026-04-30 15:46:31,867 - WARNING - Предупреждение
2026-04-30 15:46:31,868 - ERROR - Ошибка
2026-04-30 15:46:32,453 - INFO - Starting up...
2026-04-30 15:46:32,456 - INFO - создание БД
2026-04-30 15:46:32,463 - INFO - Database initialized
2026-04-30 15:46:32,575 - INFO - Shutting down...
2026-04-30 15:46:33,606 - DEBUG - Отладка
2026-04-30 15:46:33,606 - INFO - Информация
2026-04-30 15:46:33,607 - WARNING - Предупреждение
2026-04-30 15:46:33,610 - ERROR - Ошибка
2026-04-30 15:46:34,083 - INFO - Starting up...
2026-04-30 15:46:34,086 - INFO - создание БД
2026-04-30 15:46:34,097 - INFO - Database initialized
2026-04-30 15:46:43,116 - INFO - Shutting down...
2026-04-30 15:46:44,570 - DEBUG - Отладка
2026-04-30 15:46:44,570 - INFO - Информация
2026-04-30 15:46:44,571 - WARNING - Предупреждение
2026-04-30 15:46:44,572 - ERROR - Ошибка
2026-04-30 15:46:45,088 - INFO - Starting up...
2026-04-30 15:46:45,092 - INFO - создание БД
2026-04-30 15:46:45,101 - INFO - Database initialized
2026-04-30 15:46:56,695 - INFO - Shutting down...
2026-04-30 15:46:57,933 - DEBUG - Отладка
2026-04-30 15:46:57,934 - INFO - Информация
2026-04-30 15:46:57,934 - WARNING - Предупреждение
2026-04-30 15:46:57,935 - ERROR - Ошибка
2026-04-30 15:46:58,461 - INFO - Starting up...
2026-04-30 15:46:58,464 - INFO - создание БД
2026-04-30 15:46:58,468 - INFO - Database initialized
2026-04-30 15:47:17,489 - INFO - Shutting down...
2026-04-30 15:47:18,694 - DEBUG - Отладка
2026-04-30 15:47:18,695 - INFO - Информация
2026-04-30 15:47:18,696 - WARNING - Предупреждение
2026-04-30 15:47:18,696 - ERROR - Ошибка
2026-04-30 15:47:19,268 - INFO - Starting up...
2026-04-30 15:47:19,272 - INFO - создание БД
2026-04-30 15:47:19,282 - INFO - Database initialized
2026-04-30 15:48:07,788 - INFO - Shutting down...
2026-04-30 15:48:09,456 - DEBUG - Отладка
2026-04-30 15:48:09,456 - INFO - Информация
2026-04-30 15:48:09,462 - WARNING - Предупреждение
2026-04-30 15:48:09,463 - ERROR - Ошибка
2026-04-30 15:48:10,132 - INFO - Starting up...
2026-04-30 15:48:10,135 - INFO - создание БД
2026-04-30 15:48:10,138 - INFO - Database initialized
2026-04-30 15:48:10,361 - INFO - Shutting down...
2026-04-30 15:48:11,650 - DEBUG - Отладка
2026-04-30 15:48:11,651 - INFO - Информация
2026-04-30 15:48:11,653 - WARNING - Предупреждение
2026-04-30 15:48:11,654 - ERROR - Ошибка
2026-04-30 15:48:12,135 - INFO - Starting up...
2026-04-30 15:48:12,139 - INFO - создание БД
2026-04-30 15:48:12,147 - INFO - Database initialized
2026-04-30 15:48:26,345 - INFO - Shutting down...
2026-04-30 15:48:27,496 - DEBUG - Отладка
2026-04-30 15:48:27,497 - INFO - Информация
2026-04-30 15:48:27,498 - WARNING - Предупреждение
2026-04-30 15:48:27,498 - ERROR - Ошибка
2026-04-30 15:48:28,016 - INFO - Starting up...
2026-04-30 15:48:28,020 - INFO - создание БД
2026-04-30 15:48:28,026 - INFO - Database initialized
2026-04-30 15:48:54,100 - INFO - Shutting down...
2026-04-30 15:48:55,249 - DEBUG - Отладка
2026-04-30 15:48:55,249 - INFO - Информация
2026-04-30 15:48:55,250 - WARNING - Предупреждение
2026-04-30 15:48:55,251 - ERROR - Ошибка
2026-04-30 15:48:56,284 - INFO - Starting up...
2026-04-30 15:48:56,288 - INFO - создание БД
2026-04-30 15:48:56,299 - INFO - Database initialized
2026-04-30 15:48:57,194 - INFO - Shutting down...
2026-04-30 15:48:58,696 - DEBUG - Отладка
2026-04-30 15:48:58,696 - INFO - Информация
2026-04-30 15:48:58,697 - WARNING - Предупреждение
2026-04-30 15:48:58,697 - ERROR - Ошибка
2026-04-30 15:48:59,203 - INFO - Starting up...
2026-04-30 15:48:59,209 - INFO - создание БД
2026-04-30 15:48:59,214 - INFO - Database initialized
2026-04-30 15:50:01,954 - INFO - Shutting down...
2026-04-30 15:50:03,211 - DEBUG - Отладка
2026-04-30 15:50:03,212 - INFO - Информация
2026-04-30 15:50:03,213 - WARNING - Предупреждение
2026-04-30 15:50:03,213 - ERROR - Ошибка
2026-04-30 15:50:03,816 - INFO - Starting up...
2026-04-30 15:50:03,819 - INFO - создание БД
2026-04-30 15:50:03,828 - INFO - Database initialized
2026-04-30 15:50:36,976 - INFO - Shutting down...
2026-04-30 15:50:46,179 - DEBUG - Отладка
2026-04-30 15:50:46,179 - INFO - Информация
2026-04-30 15:50:46,180 - WARNING - Предупреждение
2026-04-30 15:50:46,180 - ERROR - Ошибка
2026-04-30 15:50:46,660 - INFO - Starting up...
2026-04-30 15:50:46,665 - INFO - создание БД
2026-04-30 15:50:46,670 - INFO - Database initialized
2026-04-30 15:51:47,315 - DEBUG - Отладка
2026-04-30 15:51:47,316 - INFO - Информация
2026-04-30 15:51:47,316 - WARNING - Предупреждение
2026-04-30 15:51:47,317 - ERROR - Ошибка
2026-04-30 15:52:02,026 - DEBUG - Отладка
2026-04-30 15:52:02,026 - INFO - Информация
2026-04-30 15:52:02,027 - WARNING - Предупреждение
2026-04-30 15:52:02,027 - ERROR - Ошибка
2026-04-30 15:52:34,335 - DEBUG - Отладка
2026-04-30 15:52:34,336 - INFO - Информация
2026-04-30 15:52:34,336 - WARNING - Предупреждение
2026-04-30 15:52:34,337 - ERROR - Ошибка
2026-04-30 15:52:34,902 - INFO - Starting up...
2026-04-30 15:52:34,910 - INFO - создание БД
2026-04-30 15:52:34,915 - INFO - Database initialized
